2026-04-01 11:00:18 | crawler.intelligent_link_filter | INFO | IntelligentLinkFilter initialized
2026-04-01 11:00:18 | crawler.page_snapshot | INFO | PageSnapshot initialized (output: data/snapshots)
2026-04-01 11:00:38 | crawler.page_snapshot | INFO | 📸 Snapshot saved: 20260401_110038_localhost:3007_
   ├─ Total clickables: 12
   ├─ After filtering: 5 (58.33% reduction)
   └─ Discovered: 2 URLs
2026-04-01 11:01:09 | crawler.page_snapshot | INFO | 📸 Snapshot saved: 20260401_110109_localhost:3007_
   ├─ Total clickables: 11
   ├─ After filtering: 8 (27.27% reduction)
   └─ Discovered: 2 URLs
2026-04-01 11:01:40 | crawler.page_snapshot | INFO | 📸 Snapshot saved: 20260401_110140_localhost:3007_settings
   ├─ Total clickables: 9
   ├─ After filtering: 8 (11.11% reduction)
   └─ Discovered: 2 URLs
2026-04-01 11:02:12 | crawler.page_snapshot | INFO | 📸 Snapshot saved: 20260401_110212_localhost:3007_tasks
   ├─ Total clickables: 9
   ├─ After filtering: 7 (22.22% reduction)
   └─ Discovered: 2 URLs
2026-04-01 11:02:45 | crawler.page_snapshot | INFO | 📸 Snapshot saved: 20260401_110245_localhost:3007_
   ├─ Total clickables: 11
   ├─ After filtering: 8 (27.27% reduction)
   └─ Discovered: 2 URLs
2026-04-01 11:02:46 | crawler.page_snapshot | INFO | 📋 Snapshot summary saved: data\snapshots\snapshots_summary.json
